// Jest Snapshot v1, https://jestjs.io/docs/snapshot-testing

exports[`Stellar lending governance builders propose_update_pool_caps matches stored snapshot 1`] = `"AAAAAgAAAACKiOPddAnxlf1S2y08ul1yymcJvx2UEhvzdIgBtA9vXAAAAGQAAAAAB1vNFgAAAAEAAAAAAAAAAAAAAABpVbosAAAAAAAAAAEAAAAAAAAAGAAAAAAAAAABAgICAgICAgICAgICAgICAgICAgICAgICAgICAgICAgIAAAAYcHJvcG9zZV91cGRhdGVfcG9vbF9jYXBzAAAABQAAABIAAAAAAAAAAIqI4910CfGV/VLbLTy6XXLKZwm/HZQSG/N0iAG0D29cAAAAEgAAAAEDAwMDAwMDAwMDAwMDAwMDAwMDAwMDAwMDAwMDAwMDAwAAAAoAAAAAAAAAAAAAWvMQekAAAAAACgAAAAAAAAAAAAAteYg9IAAAAAANAAAAIKurq6urq6urq6urq6urq6urq6urq6urq6urq6urq6urAAAAAAAAAAAAAAAA"`;
