// Jest Snapshot v1, https://jestjs.io/docs/snapshot-testing

exports[`Stellar lending governance builders execute_self — governance-self ops matches stored snapshot 1`] = `"AAAAAgAAAACKiOPddAnxlf1S2y08ul1yymcJvx2UEhvzdIgBtA9vXAAAAGQAAAAAB1vNFgAAAAEAAAAAAAAAAAAAAABpVbosAAAAAAAAAAEAAAAAAAAAGAAAAAAAAAABAgICAgICAgICAgICAgICAgICAgICAgICAgICAgICAgIAAAAMZXhlY3V0ZV9zZWxmAAAAAwAAAAEAAAAQAAAAAQAAAAIAAAAPAAAADlVwZGF0ZUdvdkRlbGF5AAAAAAADAACHAAAAAA0AAAAgq6urq6urq6urq6urq6urq6urq6urq6urq6urq6urq6sAAAAAAAAAAAAAAAA="`;

exports[`Stellar lending governance builders propose — generic AdminOperation entrypoint DeployPool (unit variant) matches stored snapshot 1`] = `"AAAAAgAAAACKiOPddAnxlf1S2y08ul1yymcJvx2UEhvzdIgBtA9vXAAAAGQAAAAAB1vNFgAAAAEAAAAAAAAAAAAAAABpVbosAAAAAAAAAAEAAAAAAAAAGAAAAAAAAAABAgICAgICAgICAgICAgICAgICAgICAgICAgICAgICAgIAAAAHcHJvcG9zZQAAAAADAAAAEgAAAAAAAAAAiojj3XQJ8ZX9UtstPLpdcspnCb8dlBIb83SIAbQPb1wAAAAQAAAAAQAAAAEAAAAPAAAACkRlcGxveVBvb2wAAAAAAA0AAAAgq6urq6urq6urq6urq6urq6urq6urq6urq6urq6urq6sAAAAAAAAAAAAAAAA="`;

exports[`Stellar lending governance builders propose — generic AdminOperation entrypoint SetAggregator (single Address variant) matches stored snapshot 1`] = `"AAAAAgAAAACKiOPddAnxlf1S2y08ul1yymcJvx2UEhvzdIgBtA9vXAAAAGQAAAAAB1vNFgAAAAEAAAAAAAAAAAAAAABpVbosAAAAAAAAAAEAAAAAAAAAGAAAAAAAAAABAgICAgICAgICAgICAgICAgICAgICAgICAgICAgICAgIAAAAHcHJvcG9zZQAAAAADAAAAEgAAAAAAAAAAiojj3XQJ8ZX9UtstPLpdcspnCb8dlBIb83SIAbQPb1wAAAAQAAAAAQAAAAIAAAAPAAAADVNldEFnZ3JlZ2F0b3IAAAAAAAASAAAAAQMDAwMDAwMDAwMDAwMDAwMDAwMDAwMDAwMDAwMDAwMDAAAADQAAACCrq6urq6urq6urq6urq6urq6urq6urq6urq6urq6urqwAAAAAAAAAAAAAAAA=="`;

exports[`Stellar lending governance builders propose — generic AdminOperation entrypoint UpdatePoolCaps (struct-payload variant) matches stored snapshot 1`] = `"AAAAAgAAAACKiOPddAnxlf1S2y08ul1yymcJvx2UEhvzdIgBtA9vXAAAAGQAAAAAB1vNFgAAAAEAAAAAAAAAAAAAAABpVbosAAAAAAAAAAEAAAAAAAAAGAAAAAAAAAABAgICAgICAgICAgICAgICAgICAgICAgICAgICAgICAgIAAAAHcHJvcG9zZQAAAAADAAAAEgAAAAAAAAAAiojj3XQJ8ZX9UtstPLpdcspnCb8dlBIb83SIAbQPb1wAAAAQAAAAAQAAAAIAAAAPAAAADlVwZGF0ZVBvb2xDYXBzAAAAAAARAAAAAQAAAAMAAAAPAAAABWFzc2V0AAAAAAAAEgAAAAEDAwMDAwMDAwMDAwMDAwMDAwMDAwMDAwMDAwMDAwMDAwAAAA8AAAAKYm9ycm93X2NhcAAAAAAACgAAAAAAAAAAAAAteYg9IAAAAAAPAAAACnN1cHBseV9jYXAAAAAAAAoAAAAAAAAAAAAAWvMQekAAAAAADQAAACCrq6urq6urq6urq6urq6urq6urq6urq6urq6urq6urqwAAAAAAAAAAAAAAAA=="`;
