// Jest Snapshot v1, https://jestjs.io/docs/snapshot-testing

exports[`Stellar lending transaction builders — sanity borrow matches stored snapshot 1`] = `"AAAAAgAAAACKiOPddAnxlf1S2y08ul1yymcJvx2UEhvzdIgBtA9vXAAAAGQAAAAAB1vNFgAAAAEAAAAAAAAAAAAAAABp2OF2AAAAAAAAAAEAAAAAAAAAGAAAAAAAAAABAgICAgICAgICAgICAgICAgICAgICAgICAgICAgICAgIAAAAGYm9ycm93AAAAAAADAAAAEgAAAAAAAAAAiojj3XQJ8ZX9UtstPLpdcspnCb8dlBIb83SIAbQPb1wAAAAFAAAAAAAAACoAAAAQAAAAAQAAAAEAAAAQAAAAAQAAAAIAAAASAAAAAQQEBAQEBAQEBAQEBAQEBAQEBAQEBAQEBAQEBAQEBAQEAAAACgAAAAAAAAAAAAAAAB3NZQAAAAAAAAAAAAAAAAA="`;

exports[`Stellar lending transaction builders — sanity flash_loan matches stored snapshot 1`] = `"AAAAAgAAAACKiOPddAnxlf1S2y08ul1yymcJvx2UEhvzdIgBtA9vXAAAAGQAAAAAB1vNFgAAAAEAAAAAAAAAAAAAAABp2OF2AAAAAAAAAAEAAAAAAAAAGAAAAAAAAAABAgICAgICAgICAgICAgICAgICAgICAgICAgICAgICAgIAAAAKZmxhc2hfbG9hbgAAAAAABQAAABIAAAAAAAAAAIqI4910CfGV/VLbLTy6XXLKZwm/HZQSG/N0iAG0D29cAAAAEgAAAAEDAwMDAwMDAwMDAwMDAwMDAwMDAwMDAwMDAwMDAwMDAwAAAAoAAAAAAAAAAAAAAAA7i4fAAAAAEgAAAAECAgICAgICAgICAgICAgICAgICAgICAgICAgICAgICAgAAAA0AAAAE3q2+7wAAAAAAAAAAAAAAAA=="`;

exports[`Stellar lending transaction builders — sanity liquidate matches stored snapshot 1`] = `"AAAAAgAAAACKiOPddAnxlf1S2y08ul1yymcJvx2UEhvzdIgBtA9vXAAAAGQAAAAAB1vNFgAAAAEAAAAAAAAAAAAAAABp2OF2AAAAAAAAAAEAAAAAAAAAGAAAAAAAAAABAgICAgICAgICAgICAgICAgICAgICAgICAgICAgICAgIAAAAJbGlxdWlkYXRlAAAAAAAAAwAAABIAAAAAAAAAAIqI4910CfGV/VLbLTy6XXLKZwm/HZQSG/N0iAG0D29cAAAABQAAAAAAAABjAAAAEAAAAAEAAAACAAAAEAAAAAEAAAACAAAAEgAAAAEEBAQEBAQEBAQEBAQEBAQEBAQEBAQEBAQEBAQEBAQEBAAAAAoAAAAAAAAAAAAAAAAC+vCAAAAAEAAAAAEAAAACAAAAEgAAAAEDAwMDAwMDAwMDAwMDAwMDAwMDAwMDAwMDAwMDAwMDAwAAAAoAAAAAAAAAAAAAAAAEeGjAAAAAAAAAAAAAAAAA"`;

exports[`Stellar lending transaction builders — sanity multiply matches stored snapshot 1`] = `"AAAAAgAAAACKiOPddAnxlf1S2y08ul1yymcJvx2UEhvzdIgBtA9vXAAAAGQAAAAAB1vNFgAAAAEAAAAAAAAAAAAAAABp2OF2AAAAAAAAAAEAAAAAAAAAGAAAAAAAAAABAgICAgICAgICAgICAgICAgICAgICAgICAgICAgICAgIAAAAIbXVsdGlwbHkAAAAIAAAAEgAAAAAAAAAAiojj3XQJ8ZX9UtstPLpdcspnCb8dlBIb83SIAbQPb1wAAAAFAAAAAAAAAAAAAAADAAAAAgAAABIAAAABAwMDAwMDAwMDAwMDAwMDAwMDAwMDAwMDAwMDAwMDAwMAAAAKAAAAAAAAAAAAAAAAC+vCAAAAABIAAAABBAQEBAQEBAQEBAQEBAQEBAQEBAQEBAQEBAQEBAQEBAQAAAADAAAAAQAAABEAAAABAAAAAQAAAA8AAAAEaG9wcwAAABAAAAABAAAAAQAAABEAAAABAAAABAAAAA8AAAAObWluX2Ftb3VudF9vdXQAAAAAAAoAAAAAAAAAAAAAAAAAD0JAAAAADwAAAAxwb29sX2FkZHJlc3MAAAASAAAAAQUFBQUFBQUFBQUFBQUFBQUFBQUFBQUFBQUFBQUFBQUFAAAADwAAAAh0b2tlbl9pbgAAABIAAAABAwMDAwMDAwMDAwMDAwMDAwMDAwMDAwMDAwMDAwMDAwMAAAAPAAAACXRva2VuX291dAAAAAAAABIAAAABBAQEBAQEBAQEBAQEBAQEBAQEBAQEBAQEBAQEBAQEBAQAAAAAAAAAAAAAAAA="`;

exports[`Stellar lending transaction builders — sanity repay matches stored snapshot 1`] = `"AAAAAgAAAACKiOPddAnxlf1S2y08ul1yymcJvx2UEhvzdIgBtA9vXAAAAGQAAAAAB1vNFgAAAAEAAAAAAAAAAAAAAABp2OF2AAAAAAAAAAEAAAAAAAAAGAAAAAAAAAABAgICAgICAgICAgICAgICAgICAgICAgICAgICAgICAgIAAAAFcmVwYXkAAAAAAAADAAAAEgAAAAAAAAAAiojj3XQJ8ZX9UtstPLpdcspnCb8dlBIb83SIAbQPb1wAAAAFAAAAAAAAACoAAAAQAAAAAQAAAAEAAAAQAAAAAQAAAAIAAAASAAAAAQQEBAQEBAQEBAQEBAQEBAQEBAQEBAQEBAQEBAQEBAQEAAAACgAAAAAAAAAAAAAAAAX14QAAAAAAAAAAAAAAAAA="`;

exports[`Stellar lending transaction builders — sanity repay_debt_with_collateral matches stored snapshot 1`] = `"AAAAAgAAAACKiOPddAnxlf1S2y08ul1yymcJvx2UEhvzdIgBtA9vXAAAAGQAAAAAB1vNFgAAAAEAAAAAAAAAAAAAAABp2OF2AAAAAAAAAAEAAAAAAAAAGAAAAAAAAAABAgICAgICAgICAgICAgICAgICAgICAgICAgICAgICAgIAAAAacmVwYXlfZGVidF93aXRoX2NvbGxhdGVyYWwAAAAAAAcAAAASAAAAAAAAAACKiOPddAnxlf1S2y08ul1yymcJvx2UEhvzdIgBtA9vXAAAAAUAAAAAAAAAKgAAABIAAAABAwMDAwMDAwMDAwMDAwMDAwMDAwMDAwMDAwMDAwMDAwMAAAAKAAAAAAAAAAAAAAAACPDRgAAAABIAAAABBAQEBAQEBAQEBAQEBAQEBAQEBAQEBAQEBAQEBAQEBAQAAAARAAAAAQAAAAEAAAAPAAAABGhvcHMAAAAQAAAAAQAAAAEAAAARAAAAAQAAAAQAAAAPAAAADm1pbl9hbW91bnRfb3V0AAAAAAAKAAAAAAAAAAAAAAAAAA9CQAAAAA8AAAAMcG9vbF9hZGRyZXNzAAAAEgAAAAEFBQUFBQUFBQUFBQUFBQUFBQUFBQUFBQUFBQUFBQUFBQAAAA8AAAAIdG9rZW5faW4AAAASAAAAAQMDAwMDAwMDAwMDAwMDAwMDAwMDAwMDAwMDAwMDAwMDAAAADwAAAAl0b2tlbl9vdXQAAAAAAAASAAAAAQQEBAQEBAQEBAQEBAQEBAQEBAQEBAQEBAQEBAQEBAQEAAAAAAAAAAAAAAAAAAAAAAAAAAA="`;

exports[`Stellar lending transaction builders — sanity supply matches stored snapshot 1`] = `"AAAAAgAAAACKiOPddAnxlf1S2y08ul1yymcJvx2UEhvzdIgBtA9vXAAAAGQAAAAAB1vNFgAAAAEAAAAAAAAAAAAAAABp2OF2AAAAAAAAAAEAAAAAAAAAGAAAAAAAAAABAgICAgICAgICAgICAgICAgICAgICAgICAgICAgICAgIAAAAGc3VwcGx5AAAAAAAEAAAAEgAAAAAAAAAAiojj3XQJ8ZX9UtstPLpdcspnCb8dlBIb83SIAbQPb1wAAAAFAAAAAAAAAAAAAAADAAAAAQAAABAAAAABAAAAAQAAABAAAAABAAAAAgAAABIAAAABAwMDAwMDAwMDAwMDAwMDAwMDAwMDAwMDAwMDAwMDAwMAAAAKAAAAAAAAAAAAAAAAO5rKAAAAAAAAAAAAAAAAAA=="`;

exports[`Stellar lending transaction builders — sanity swap_collateral matches stored snapshot 1`] = `"AAAAAgAAAACKiOPddAnxlf1S2y08ul1yymcJvx2UEhvzdIgBtA9vXAAAAGQAAAAAB1vNFgAAAAEAAAAAAAAAAAAAAABp2OF2AAAAAAAAAAEAAAAAAAAAGAAAAAAAAAABAgICAgICAgICAgICAgICAgICAgICAgICAgICAgICAgIAAAAPc3dhcF9jb2xsYXRlcmFsAAAAAAYAAAASAAAAAAAAAACKiOPddAnxlf1S2y08ul1yymcJvx2UEhvzdIgBtA9vXAAAAAUAAAAAAAAAKgAAABIAAAABAwMDAwMDAwMDAwMDAwMDAwMDAwMDAwMDAwMDAwMDAwMAAAAKAAAAAAAAAAAAAAAAF9eEAAAAABIAAAABBAQEBAQEBAQEBAQEBAQEBAQEBAQEBAQEBAQEBAQEBAQAAAARAAAAAQAAAAEAAAAPAAAABGhvcHMAAAAQAAAAAQAAAAEAAAARAAAAAQAAAAQAAAAPAAAADm1pbl9hbW91bnRfb3V0AAAAAAAKAAAAAAAAAAAAAAAAAA9CQAAAAA8AAAAMcG9vbF9hZGRyZXNzAAAAEgAAAAEFBQUFBQUFBQUFBQUFBQUFBQUFBQUFBQUFBQUFBQUFBQAAAA8AAAAIdG9rZW5faW4AAAASAAAAAQMDAwMDAwMDAwMDAwMDAwMDAwMDAwMDAwMDAwMDAwMDAAAADwAAAAl0b2tlbl9vdXQAAAAAAAASAAAAAQQEBAQEBAQEBAQEBAQEBAQEBAQEBAQEBAQEBAQEBAQEAAAAAAAAAAAAAAAA"`;

exports[`Stellar lending transaction builders — sanity swap_debt matches stored snapshot 1`] = `"AAAAAgAAAACKiOPddAnxlf1S2y08ul1yymcJvx2UEhvzdIgBtA9vXAAAAGQAAAAAB1vNFgAAAAEAAAAAAAAAAAAAAABp2OF2AAAAAAAAAAEAAAAAAAAAGAAAAAAAAAABAgICAgICAgICAgICAgICAgICAgICAgICAgICAgICAgIAAAAJc3dhcF9kZWJ0AAAAAAAABgAAABIAAAAAAAAAAIqI4910CfGV/VLbLTy6XXLKZwm/HZQSG/N0iAG0D29cAAAABQAAAAAAAAAqAAAAEgAAAAEEBAQEBAQEBAQEBAQEBAQEBAQEBAQEBAQEBAQEBAQEBAAAAAoAAAAAAAAAAAAAAAAR4aMAAAAAEgAAAAEDAwMDAwMDAwMDAwMDAwMDAwMDAwMDAwMDAwMDAwMDAwAAABEAAAABAAAAAQAAAA8AAAAEaG9wcwAAABAAAAABAAAAAQAAABEAAAABAAAABAAAAA8AAAAObWluX2Ftb3VudF9vdXQAAAAAAAoAAAAAAAAAAAAAAAAAD0JAAAAADwAAAAxwb29sX2FkZHJlc3MAAAASAAAAAQUFBQUFBQUFBQUFBQUFBQUFBQUFBQUFBQUFBQUFBQUFAAAADwAAAAh0b2tlbl9pbgAAABIAAAABAwMDAwMDAwMDAwMDAwMDAwMDAwMDAwMDAwMDAwMDAwMAAAAPAAAACXRva2VuX291dAAAAAAAABIAAAABBAQEBAQEBAQEBAQEBAQEBAQEBAQEBAQEBAQEBAQEBAQAAAAAAAAAAAAAAAA="`;

exports[`Stellar lending transaction builders — sanity withdraw matches stored snapshot 1`] = `"AAAAAgAAAACKiOPddAnxlf1S2y08ul1yymcJvx2UEhvzdIgBtA9vXAAAAGQAAAAAB1vNFgAAAAEAAAAAAAAAAAAAAABp2OF2AAAAAAAAAAEAAAAAAAAAGAAAAAAAAAABAgICAgICAgICAgICAgICAgICAgICAgICAgICAgICAgIAAAAId2l0aGRyYXcAAAADAAAAEgAAAAAAAAAAiojj3XQJ8ZX9UtstPLpdcspnCb8dlBIb83SIAbQPb1wAAAAFAAAAAAAAACoAAAAQAAAAAQAAAAEAAAAQAAAAAQAAAAIAAAASAAAAAQMDAwMDAwMDAwMDAwMDAwMDAwMDAwMDAwMDAwMDAwMDAAAACgAAAAAAAAAAAAAAAA7msoAAAAAAAAAAAAAAAAA="`;
