// Jest Snapshot v1, https://jestjs.io/docs/snapshot-testing

exports[`Stellar lending transaction builders — sanity borrow matches stored snapshot 1`] = `"AAAAAgAAAACKiOPddAnxlf1S2y08ul1yymcJvx2UEhvzdIgBtA9vXAAAAGQAAAAAB1vNFgAAAAEAAAAAAAAAAAAAAABpVbosAAAAAAAAAAEAAAAAAAAAGAAAAAAAAAABAgICAgICAgICAgICAgICAgICAgICAgICAgICAgICAgIAAAAGYm9ycm93AAAAAAAEAAAAEgAAAAAAAAAAiojj3XQJ8ZX9UtstPLpdcspnCb8dlBIb83SIAbQPb1wAAAAFAAAAAAAAACoAAAAQAAAAAQAAAAEAAAAQAAAAAQAAAAIAAAARAAAAAQAAAAIAAAAPAAAABWFzc2V0AAAAAAAAEgAAAAEEBAQEBAQEBAQEBAQEBAQEBAQEBAQEBAQEBAQEBAQEBAAAAA8AAAAGaHViX2lkAAAAAAADAAAAAAAAAAoAAAAAAAAAAAAAAAAdzWUAAAAAAQAAAAAAAAAAAAAAAA=="`;

exports[`Stellar lending transaction builders — sanity flash_loan matches stored snapshot 1`] = `"AAAAAgAAAACKiOPddAnxlf1S2y08ul1yymcJvx2UEhvzdIgBtA9vXAAAAGQAAAAAB1vNFgAAAAEAAAAAAAAAAAAAAABpVbosAAAAAAAAAAEAAAAAAAAAGAAAAAAAAAABAgICAgICAgICAgICAgICAgICAgICAgICAgICAgICAgIAAAAKZmxhc2hfbG9hbgAAAAAABQAAABIAAAAAAAAAAIqI4910CfGV/VLbLTy6XXLKZwm/HZQSG/N0iAG0D29cAAAAEQAAAAEAAAACAAAADwAAAAVhc3NldAAAAAAAABIAAAABAwMDAwMDAwMDAwMDAwMDAwMDAwMDAwMDAwMDAwMDAwMAAAAPAAAABmh1Yl9pZAAAAAAAAwAAAAAAAAAKAAAAAAAAAAAAAAAAO4uHwAAAABIAAAABAgICAgICAgICAgICAgICAgICAgICAgICAgICAgICAgIAAAANAAAABN6tvu8AAAAAAAAAAAAAAAA="`;

exports[`Stellar lending transaction builders — sanity liquidate (share-credit into a new account) matches stored snapshot 1`] = `"AAAAAgAAAACKiOPddAnxlf1S2y08ul1yymcJvx2UEhvzdIgBtA9vXAAAAGQAAAAAB1vNFgAAAAEAAAAAAAAAAAAAAABpVbosAAAAAAAAAAEAAAAAAAAAGAAAAAAAAAABAgICAgICAgICAgICAgICAgICAgICAgICAgICAgICAgIAAAAJbGlxdWlkYXRlAAAAAAAABAAAABIAAAAAAAAAAIqI4910CfGV/VLbLTy6XXLKZwm/HZQSG/N0iAG0D29cAAAABQAAAAAAAABjAAAAEAAAAAEAAAACAAAAEAAAAAEAAAACAAAAEQAAAAEAAAACAAAADwAAAAVhc3NldAAAAAAAABIAAAABBAQEBAQEBAQEBAQEBAQEBAQEBAQEBAQEBAQEBAQEBAQAAAAPAAAABmh1Yl9pZAAAAAAAAwAAAAAAAAAKAAAAAAAAAAAAAAAAAvrwgAAAABAAAAABAAAAAgAAABEAAAABAAAAAgAAAA8AAAAFYXNzZXQAAAAAAAASAAAAAQMDAwMDAwMDAwMDAwMDAwMDAwMDAwMDAwMDAwMDAwMDAAAADwAAAAZodWJfaWQAAAAAAAMAAAABAAAACgAAAAAAAAAAAAAAAAR4aMAAAAAQAAAAAQAAAAIAAAAPAAAABkNyZWRpdAAAAAAABQAAAAAAAAAAAAAAAAAAAAAAAAAA"`;

exports[`Stellar lending transaction builders — sanity liquidate matches stored snapshot 1`] = `"AAAAAgAAAACKiOPddAnxlf1S2y08ul1yymcJvx2UEhvzdIgBtA9vXAAAAGQAAAAAB1vNFgAAAAEAAAAAAAAAAAAAAABpVbosAAAAAAAAAAEAAAAAAAAAGAAAAAAAAAABAgICAgICAgICAgICAgICAgICAgICAgICAgICAgICAgIAAAAJbGlxdWlkYXRlAAAAAAAABAAAABIAAAAAAAAAAIqI4910CfGV/VLbLTy6XXLKZwm/HZQSG/N0iAG0D29cAAAABQAAAAAAAABjAAAAEAAAAAEAAAACAAAAEAAAAAEAAAACAAAAEQAAAAEAAAACAAAADwAAAAVhc3NldAAAAAAAABIAAAABBAQEBAQEBAQEBAQEBAQEBAQEBAQEBAQEBAQEBAQEBAQAAAAPAAAABmh1Yl9pZAAAAAAAAwAAAAAAAAAKAAAAAAAAAAAAAAAAAvrwgAAAABAAAAABAAAAAgAAABEAAAABAAAAAgAAAA8AAAAFYXNzZXQAAAAAAAASAAAAAQMDAwMDAwMDAwMDAwMDAwMDAwMDAwMDAwMDAwMDAwMDAAAADwAAAAZodWJfaWQAAAAAAAMAAAABAAAACgAAAAAAAAAAAAAAAAR4aMAAAAAQAAAAAQAAAAEAAAAPAAAACFRyYW5zZmVyAAAAAAAAAAAAAAAA"`;

exports[`Stellar lending transaction builders — sanity migrate_from_blend matches stored snapshot 1`] = `"AAAAAgAAAACKiOPddAnxlf1S2y08ul1yymcJvx2UEhvzdIgBtA9vXAAAAGQAAAAAB1vNFgAAAAEAAAAAAAAAAAAAAABpVbosAAAAAAAAAAEAAAAAAAAAGAAAAAAAAAABAgICAgICAgICAgICAgICAgICAgICAgICAgICAgICAgIAAAASbWlncmF0ZV9mcm9tX2JsZW5kAAAAAAAIAAAAEgAAAAAAAAAAiojj3XQJ8ZX9UtstPLpdcspnCb8dlBIb83SIAbQPb1wAAAAFAAAAAAAAAAAAAAADAAAAAAAAAAMAAAAAAAAAEgAAAAECAgICAgICAgICAgICAgICAgICAgICAgICAgICAgICAgAAABAAAAABAAAAAQAAABIAAAABBAQEBAQEBAQEBAQEBAQEBAQEBAQEBAQEBAQEBAQEBAQAAAAQAAAAAQAAAAEAAAASAAAAAQMDAwMDAwMDAwMDAwMDAwMDAwMDAwMDAwMDAwMDAwMDAAAAEAAAAAEAAAABAAAAEAAAAAEAAAACAAAAEgAAAAEDAwMDAwMDAwMDAwMDAwMDAwMDAwMDAwMDAwMDAwMDAwAAAAoAAAAAAAAAAAAAAAAL82MgAAAAAAAAAAAAAAAA"`;

exports[`Stellar lending transaction builders — sanity multiply (with initial_payment + convert_swap) matches stored snapshot 1`] = `"AAAAAgAAAACKiOPddAnxlf1S2y08ul1yymcJvx2UEhvzdIgBtA9vXAAAAGQAAAAAB1vNFgAAAAEAAAAAAAAAAAAAAABpVbosAAAAAAAAAAEAAAAAAAAAGAAAAAAAAAABAgICAgICAgICAgICAgICAgICAgICAgICAgICAgICAgIAAAAIbXVsdGlwbHkAAAAKAAAAEgAAAAAAAAAAiojj3XQJ8ZX9UtstPLpdcspnCb8dlBIb83SIAbQPb1wAAAAFAAAAAAAAAAAAAAADAAAAAgAAABEAAAABAAAAAgAAAA8AAAAFYXNzZXQAAAAAAAASAAAAAQMDAwMDAwMDAwMDAwMDAwMDAwMDAwMDAwMDAwMDAwMDAAAADwAAAAZodWJfaWQAAAAAAAMAAAAAAAAACgAAAAAAAAAAAAAAAAvrwgAAAAARAAAAAQAAAAIAAAAPAAAABWFzc2V0AAAAAAAAEgAAAAEEBAQEBAQEBAQEBAQEBAQEBAQEBAQEBAQEBAQEBAQEBAAAAA8AAAAGaHViX2lkAAAAAAADAAAAAAAAAAMAAAABAAAADQAAAAQBAgMEAAAAEAAAAAEAAAACAAAAEQAAAAEAAAACAAAADwAAAAVhc3NldAAAAAAAABIAAAABAwMDAwMDAwMDAwMDAwMDAwMDAwMDAwMDAwMDAwMDAwMAAAAPAAAABmh1Yl9pZAAAAAAAAwAAAAAAAAAKAAAAAAAAAAAAAAAAAvrwgAAAAA0AAAAEAQIDBAAAAAAAAAAAAAAAAA=="`;

exports[`Stellar lending transaction builders — sanity multiply matches stored snapshot 1`] = `"AAAAAgAAAACKiOPddAnxlf1S2y08ul1yymcJvx2UEhvzdIgBtA9vXAAAAGQAAAAAB1vNFgAAAAEAAAAAAAAAAAAAAABpVbosAAAAAAAAAAEAAAAAAAAAGAAAAAAAAAABAgICAgICAgICAgICAgICAgICAgICAgICAgICAgICAgIAAAAIbXVsdGlwbHkAAAAKAAAAEgAAAAAAAAAAiojj3XQJ8ZX9UtstPLpdcspnCb8dlBIb83SIAbQPb1wAAAAFAAAAAAAAAAAAAAADAAAAAgAAABEAAAABAAAAAgAAAA8AAAAFYXNzZXQAAAAAAAASAAAAAQMDAwMDAwMDAwMDAwMDAwMDAwMDAwMDAwMDAwMDAwMDAAAADwAAAAZodWJfaWQAAAAAAAMAAAAAAAAACgAAAAAAAAAAAAAAAAvrwgAAAAARAAAAAQAAAAIAAAAPAAAABWFzc2V0AAAAAAAAEgAAAAEEBAQEBAQEBAQEBAQEBAQEBAQEBAQEBAQEBAQEBAQEBAAAAA8AAAAGaHViX2lkAAAAAAADAAAAAAAAAAMAAAABAAAADQAAAAQBAgMEAAAAAQAAAAEAAAAAAAAAAAAAAAA="`;

exports[`Stellar lending transaction builders — sanity repay matches stored snapshot 1`] = `"AAAAAgAAAACKiOPddAnxlf1S2y08ul1yymcJvx2UEhvzdIgBtA9vXAAAAGQAAAAAB1vNFgAAAAEAAAAAAAAAAAAAAABpVbosAAAAAAAAAAEAAAAAAAAAGAAAAAAAAAABAgICAgICAgICAgICAgICAgICAgICAgICAgICAgICAgIAAAAFcmVwYXkAAAAAAAADAAAAEgAAAAAAAAAAiojj3XQJ8ZX9UtstPLpdcspnCb8dlBIb83SIAbQPb1wAAAAFAAAAAAAAACoAAAAQAAAAAQAAAAEAAAAQAAAAAQAAAAIAAAARAAAAAQAAAAIAAAAPAAAABWFzc2V0AAAAAAAAEgAAAAEEBAQEBAQEBAQEBAQEBAQEBAQEBAQEBAQEBAQEBAQEBAAAAA8AAAAGaHViX2lkAAAAAAADAAAAAAAAAAoAAAAAAAAAAAAAAAAF9eEAAAAAAAAAAAAAAAAA"`;

exports[`Stellar lending transaction builders — sanity repay_debt_with_collateral matches stored snapshot 1`] = `"AAAAAgAAAACKiOPddAnxlf1S2y08ul1yymcJvx2UEhvzdIgBtA9vXAAAAGQAAAAAB1vNFgAAAAEAAAAAAAAAAAAAAABpVbosAAAAAAAAAAEAAAAAAAAAGAAAAAAAAAABAgICAgICAgICAgICAgICAgICAgICAgICAgICAgICAgIAAAAacmVwYXlfZGVidF93aXRoX2NvbGxhdGVyYWwAAAAAAAcAAAASAAAAAAAAAACKiOPddAnxlf1S2y08ul1yymcJvx2UEhvzdIgBtA9vXAAAAAUAAAAAAAAAKgAAABEAAAABAAAAAgAAAA8AAAAFYXNzZXQAAAAAAAASAAAAAQMDAwMDAwMDAwMDAwMDAwMDAwMDAwMDAwMDAwMDAwMDAAAADwAAAAZodWJfaWQAAAAAAAMAAAAAAAAACgAAAAAAAAAAAAAAAAjw0YAAAAARAAAAAQAAAAIAAAAPAAAABWFzc2V0AAAAAAAAEgAAAAEEBAQEBAQEBAQEBAQEBAQEBAQEBAQEBAQEBAQEBAQEBAAAAA8AAAAGaHViX2lkAAAAAAADAAAAAAAAAA0AAAAEAQIDBAAAAAAAAAAAAAAAAAAAAAAAAAAA"`;

exports[`Stellar lending transaction builders — sanity supply matches stored snapshot 1`] = `"AAAAAgAAAACKiOPddAnxlf1S2y08ul1yymcJvx2UEhvzdIgBtA9vXAAAAGQAAAAAB1vNFgAAAAEAAAAAAAAAAAAAAABpVbosAAAAAAAAAAEAAAAAAAAAGAAAAAAAAAABAgICAgICAgICAgICAgICAgICAgICAgICAgICAgICAgIAAAAGc3VwcGx5AAAAAAAEAAAAEgAAAAAAAAAAiojj3XQJ8ZX9UtstPLpdcspnCb8dlBIb83SIAbQPb1wAAAAFAAAAAAAAAAAAAAADAAAAAQAAABAAAAABAAAAAQAAABAAAAABAAAAAgAAABEAAAABAAAAAgAAAA8AAAAFYXNzZXQAAAAAAAASAAAAAQMDAwMDAwMDAwMDAwMDAwMDAwMDAwMDAwMDAwMDAwMDAAAADwAAAAZodWJfaWQAAAAAAAMAAAAAAAAACgAAAAAAAAAAAAAAADuaygAAAAAAAAAAAAAAAAA="`;

exports[`Stellar lending transaction builders — sanity swap_collateral matches stored snapshot 1`] = `"AAAAAgAAAACKiOPddAnxlf1S2y08ul1yymcJvx2UEhvzdIgBtA9vXAAAAGQAAAAAB1vNFgAAAAEAAAAAAAAAAAAAAABpVbosAAAAAAAAAAEAAAAAAAAAGAAAAAAAAAABAgICAgICAgICAgICAgICAgICAgICAgICAgICAgICAgIAAAAPc3dhcF9jb2xsYXRlcmFsAAAAAAYAAAASAAAAAAAAAACKiOPddAnxlf1S2y08ul1yymcJvx2UEhvzdIgBtA9vXAAAAAUAAAAAAAAAKgAAABEAAAABAAAAAgAAAA8AAAAFYXNzZXQAAAAAAAASAAAAAQMDAwMDAwMDAwMDAwMDAwMDAwMDAwMDAwMDAwMDAwMDAAAADwAAAAZodWJfaWQAAAAAAAMAAAAAAAAACgAAAAAAAAAAAAAAABfXhAAAAAARAAAAAQAAAAIAAAAPAAAABWFzc2V0AAAAAAAAEgAAAAEEBAQEBAQEBAQEBAQEBAQEBAQEBAQEBAQEBAQEBAQEBAAAAA8AAAAGaHViX2lkAAAAAAADAAAAAQAAAA0AAAAEAQIDBAAAAAAAAAAAAAAAAA=="`;

exports[`Stellar lending transaction builders — sanity swap_debt matches stored snapshot 1`] = `"AAAAAgAAAACKiOPddAnxlf1S2y08ul1yymcJvx2UEhvzdIgBtA9vXAAAAGQAAAAAB1vNFgAAAAEAAAAAAAAAAAAAAABpVbosAAAAAAAAAAEAAAAAAAAAGAAAAAAAAAABAgICAgICAgICAgICAgICAgICAgICAgICAgICAgICAgIAAAAJc3dhcF9kZWJ0AAAAAAAABgAAABIAAAAAAAAAAIqI4910CfGV/VLbLTy6XXLKZwm/HZQSG/N0iAG0D29cAAAABQAAAAAAAAAqAAAAEQAAAAEAAAACAAAADwAAAAVhc3NldAAAAAAAABIAAAABBAQEBAQEBAQEBAQEBAQEBAQEBAQEBAQEBAQEBAQEBAQAAAAPAAAABmh1Yl9pZAAAAAAAAwAAAAAAAAAKAAAAAAAAAAAAAAAAEeGjAAAAABEAAAABAAAAAgAAAA8AAAAFYXNzZXQAAAAAAAASAAAAAQMDAwMDAwMDAwMDAwMDAwMDAwMDAwMDAwMDAwMDAwMDAAAADwAAAAZodWJfaWQAAAAAAAMAAAABAAAADQAAAAQBAgMEAAAAAAAAAAAAAAAA"`;

exports[`Stellar lending transaction builders — sanity withdraw (batch with recipient) matches stored snapshot 1`] = `"AAAAAgAAAACKiOPddAnxlf1S2y08ul1yymcJvx2UEhvzdIgBtA9vXAAAAGQAAAAAB1vNFgAAAAEAAAAAAAAAAAAAAABpVbosAAAAAAAAAAEAAAAAAAAAGAAAAAAAAAABAgICAgICAgICAgICAgICAgICAgICAgICAgICAgICAgIAAAAId2l0aGRyYXcAAAAEAAAAEgAAAAAAAAAAiojj3XQJ8ZX9UtstPLpdcspnCb8dlBIb83SIAbQPb1wAAAAFAAAAAAAAACoAAAAQAAAAAQAAAAEAAAAQAAAAAQAAAAIAAAARAAAAAQAAAAIAAAAPAAAABWFzc2V0AAAAAAAAEgAAAAEDAwMDAwMDAwMDAwMDAwMDAwMDAwMDAwMDAwMDAwMDAwAAAA8AAAAGaHViX2lkAAAAAAADAAAAAAAAAAoAAAAAAAAAAAAAAAAO5rKAAAAAEgAAAAAAAAAAiojj3XQJ8ZX9UtstPLpdcspnCb8dlBIb83SIAbQPb1wAAAAAAAAAAAAAAAA="`;

exports[`Stellar lending transaction builders — sanity withdraw matches stored snapshot 1`] = `"AAAAAgAAAACKiOPddAnxlf1S2y08ul1yymcJvx2UEhvzdIgBtA9vXAAAAGQAAAAAB1vNFgAAAAEAAAAAAAAAAAAAAABpVbosAAAAAAAAAAEAAAAAAAAAGAAAAAAAAAABAgICAgICAgICAgICAgICAgICAgICAgICAgICAgICAgIAAAAId2l0aGRyYXcAAAAEAAAAEgAAAAAAAAAAiojj3XQJ8ZX9UtstPLpdcspnCb8dlBIb83SIAbQPb1wAAAAFAAAAAAAAACoAAAAQAAAAAQAAAAEAAAAQAAAAAQAAAAIAAAARAAAAAQAAAAIAAAAPAAAABWFzc2V0AAAAAAAAEgAAAAEDAwMDAwMDAwMDAwMDAwMDAwMDAwMDAwMDAwMDAwMDAwAAAA8AAAAGaHViX2lkAAAAAAADAAAAAAAAAAoAAAAAAAAAAAAAAAAO5rKAAAAAAQAAAAAAAAAAAAAAAA=="`;
